19:34:57 [ERROR] __main__: Backpack error
19:35:43 [INFO] backpack.agent_lock: Created agent.lock file
